00 {"kind":"triggers.set","payload":{"triggers":[{"dedupe":"power-sync","id":"power-sync","on_fire":[{"args":{"on":true},"cap":"flashlight"},{"notify":{"text":"plug ${data.plug}","title":"Charging ${id}"}}],"params":{"state":"connected"},"policy":"wake","throttle_s":60,"type":"power"},{"id":"quiet-notify","params":{"below":20},"type":"battery.level","when":[{"state":"disconnected","type":"power"},{"after":"22:00","before":"07:00","days":["mon","tue","wed","thu","fri"],"type":"time.window"}]},{"id":"screen-off","params":{"state":"off"},"type":"screen"}]}}
01 {"kind":"capability.invoke","payload":{"args":{"action":"android.intent.action.VIEW","data":"https://example.com","mode":"activity"},"cap":"intent.start"}}
02 {"kind":"capability.invoke","payload":{"args":{"class_name":"com.termux.app.TermuxActivity","extras":{"com.example.COUNT":3,"com.example.FLAG":true},"mode":"activity","package":"com.termux"},"cap":"intent.start"}}
03 {"kind":"capability.invoke","payload":{"args":{"package":"org.gnu.emacs"},"cap":"app.launch"}}
04 {"kind":"capability.invoke","payload":{"args":{},"cap":"apps.list"}}
05 {"kind":"capability.invoke","payload":{"args":{"ms":300},"cap":"vibrate"}}
06 {"kind":"capability.invoke","payload":{"args":{"pattern":[0,100,50,100]},"cap":"vibrate"}}
07 {"kind":"capability.invoke","payload":{"args":{"pitch":1.2,"rate":0.9,"text":"hello"},"cap":"tts.speak"}}
08 {"kind":"capability.invoke","payload":{"args":{"level":5,"stream":"music"},"cap":"volume.set"}}
09 {"kind":"capability.invoke","payload":{"args":{"mode":"vibrate"},"cap":"ringer.mode"}}
10 {"kind":"capability.invoke","payload":{"args":{"on":true},"cap":"flashlight"}}
11 {"kind":"capability.invoke","payload":{"args":{"on":false},"cap":"flashlight"}}
12 {"kind":"capability.invoke","payload":{"args":{"key":"play_pause"},"cap":"media.key"}}
13 {"kind":"capability.invoke","payload":{"args":{},"cap":"clipboard.read"}}
14 {"kind":"capability.invoke","payload":{"args":{"panel":"wifi"},"cap":"settings.open"}}
15 {"kind":"capability.invoke","payload":{"args":{"on":true},"cap":"screen.keep_on"}}
16 {"kind":"capability.invoke","payload":{"args":{"level":128},"cap":"brightness.set"}}
17 {"kind":"capability.invoke","payload":{"args":{"mode":"priority"},"cap":"dnd.set"}}
18 {"kind":"capability.invoke","payload":{"args":{"types":["power","battery.level"],"when":[{"state":"disconnected","type":"power"}]},"cap":"state.get"}}
