00 [{"t":"section_header","title":"Chapter One"}]
01 [{"spans":[{"text":"see the "},{"on_tap":{"action":"jetpacs.buffer.act","args":{"buffer":"*eww*","pos":42},"when_offline":"queue"},"text":"docs"},{"text":" page."}],"t":"rich_text"}]
02 [{"t":"text","text":"A plain paragraph."}]
03 [{"children":[{"syntax":"elisp","t":"text","text":"(message \"hi\")"}],"color":"surface_container","padding":3,"shape":"rounded_small","t":"surface"}]
04 [{"children":[{"t":"text","text":"To be or not to be."}],"color":"surface_container","padding":3,"shape":"rounded_small","t":"surface"}]
05 [{"t":"divider"}]
06 [{"style":"caption","t":"text","text":"[image: A cat]"}]
07 [{"style":"caption","t":"text","text":"[image: http://x/only.png]"}]
08 [{"children":[{"spans":[{"bold":true,"mono":true,"text":"Item | Qty"}],"t":"rich_text"},{"spans":[{"mono":true,"text":"apples | 4"}],"t":"rich_text"}],"color":"surface_container","padding":3,"shape":"rounded_small","t":"surface"}]
09 [{"style":"title","t":"text","text":"Page Title"},{"t":"section_header","title":"Doc"},{"spans":[{"text":"see the "},{"on_tap":{"action":"jetpacs.buffer.act","args":{"buffer":"*eww*","pos":42},"when_offline":"queue"},"text":"docs"},{"text":" page."}],"t":"rich_text"},{"t":"divider"},{"t":"text","text":"degraded but shown"}]
