00 [{"t":"section_header","title":"Chapter One"}]
01 [{"spans":[{"text":"see the "},{"on_tap":{"action":"jetpacs.buffer.act","args":{"buffer":"*eww*","pos":42},"when_offline":"queue"},"text":"docs"},{"text":" page."}],"t":"rich_text"}]
02 [{"t":"text","text":"A plain paragraph."}]
03 [{"children":[{"syntax":"elisp","t":"text","text":"(message \"hi\")"}],"color":"surface_container","padding":3,"shape":"rounded_small","t":"surface"}]
04 [{"children":[{"t":"text","text":"To be or not to be."}],"color":"surface_container","padding":3,"shape":"rounded_small","t":"surface"}]
05 [{"t":"divider"}]
06 [{"content_description":"A cat","t":"image","url":"http://x/cat.png"}]
07 [{"t":"image","url":"http://x/only.png"}]
08 [{"rows":[{"cells":[{"spans":[{"text":"Item"}]},{"spans":[{"text":"Qty"}]}],"header":true},{"cells":[{"spans":[{"text":"apples"}]},{"spans":[{"text":"4"}]}]}],"t":"table"}]
09 [{"style":"title","t":"text","text":"Page Title"},{"t":"section_header","title":"Doc"},{"spans":[{"text":"see the "},{"on_tap":{"action":"jetpacs.buffer.act","args":{"buffer":"*eww*","pos":42},"when_offline":"queue"},"text":"docs"},{"text":" page."}],"t":"rich_text"},{"t":"divider"},{"t":"text","text":"degraded but shown"}]
