00 {"t":"text","text":"hi"}
01 {"color":"#FF0000","max_lines":2,"padding":4,"selectable":true,"style":"title","t":"text","text":"hi","weight":1}
02 {"padding":4,"style":"body","syntax":"elisp","t":"text","text":"code"}
03 {"padding":2,"spans":[{"bold":true,"text":"a"}],"style":"body","t":"rich_text"}
04 {"baseline":"super","bold":true,"code":true,"color":"#FFF","italic":true,"mono":true,"on_tap":{"action":"x.y","args":{"k":"v"},"dedupe":"d","when_offline":"drop"},"strike":true,"tag":true,"text":"s","underline":true}
05 {"children":[{"t":"text","text":"leaf"},{"t":"text","text":"leaf"}],"t":"row"}
06 {"children":[{"t":"text","text":"leaf"}],"t":"flow_row"}
07 {"children":[{"t":"text","text":"leaf"}],"t":"column"}
08 {"alignment":"center","children":[{"t":"text","text":"leaf"}],"on_tap":{"action":"x.y","args":{"k":"v"},"dedupe":"d","when_offline":"drop"},"padding":2,"t":"box","weight":1}
09 {"children":[{"t":"text","text":"leaf"}],"color":"#111","elevation":2,"padding":3,"shape":"rounded","t":"surface"}
10 {"children":[{"t":"text","text":"leaf"},{"t":"text","text":"leaf"}],"t":"lazy_column"}
11 {"height":4,"t":"spacer","weight":1,"width":2}
12 {"t":"divider"}
13 {"children":[{"t":"text","text":"leaf"}],"on_tap":{"action":"x.y","args":{"k":"v"},"dedupe":"d","when_offline":"drop"},"padding":8,"t":"card","weight":1}
14 {"children":[{"t":"text","text":"leaf"}],"collapsed":true,"header":{"t":"text","text":"leaf"},"id":"cid","on_long_tap":{"action":"x.y","args":{"k":"v"},"dedupe":"d","when_offline":"drop"},"t":"collapsible"}
15 {"items":[{"label":"h","level":1}],"on_reorder":{"action":"x.y","args":{"k":"v"},"dedupe":"d","when_offline":"drop"},"t":"reorderable_list"}
16 {"action":"y.z","when_offline":"queue"}
17 {"action":"x.y","args":{"k":"v"},"dedupe":"d","when_offline":"drop"}
18 {"builtin":"clipboard.copy","text":"copied text"}
19 {"icon":"add","label":"L","on_tap":{"action":"x.y","args":{"k":"v"},"dedupe":"d","when_offline":"drop"},"padding":2,"t":"button","variant":"text","weight":1}
20 {"label":"L","on_pick":{"action":"x.y","args":{"k":"v"},"dedupe":"d","when_offline":"drop"},"t":"date_button","value":"2026-01-01"}
21 {"label":"L","on_pick":{"action":"x.y","args":{"k":"v"},"dedupe":"d","when_offline":"drop"},"t":"time_button","value":"10:00"}
22 {"content_description":"d","padding":1,"t":"image","url":"http://x"}
23 {"content_description":"c","icon":"add","on_tap":{"action":"x.y","args":{"k":"v"},"dedupe":"d","when_offline":"drop"},"padding":1,"t":"icon_button"}
24 {"icon":"more_vert","items":[{"icon":"add","label":"L","on_tap":{"action":"x.y","args":{"k":"v"},"dedupe":"d","when_offline":"drop"}}],"padding":2,"t":"menu"}
25 {"hint":"h","id":"tid","label":"l","max_lines":3,"min_lines":1,"monospace":true,"on_submit":{"action":"x.y","args":{"k":"v"},"dedupe":"d","when_offline":"drop"},"padding":2,"single_line":true,"syntax":"org","t":"text_input","value":"v"}
26 {"id":"tid2","single_line":false,"t":"text_input"}
27 {"allow_add":true,"id":"eid","multi_select":true,"on_change":{"action":"x.y","args":{"k":"v"},"dedupe":"d","when_offline":"drop"},"options":["a","b"],"padding":1,"t":"enum_list","value":["a"]}
28 {"checked":true,"id":"kid","label":"l","on_change":{"action":"x.y","args":{"k":"v"},"dedupe":"d","when_offline":"drop"},"padding":1,"t":"checkbox"}
29 {"checked":true,"id":"sid","label":"l","on_change":{"action":"x.y","args":{"k":"v"},"dedupe":"d","when_offline":"drop"},"padding":1,"t":"switch"}
30 {"color":"#FFF","name":"add","padding":1,"size":20,"t":"icon"}
31 {"icon":"add","label":"l","on_tap":{"action":"x.y","args":{"k":"v"},"dedupe":"d","when_offline":"drop"},"padding":1,"selected":true,"t":"chip"}
32 {"padding":1,"t":"progress","value":0.5,"variant":"linear"}
33 {"icon":"add","label":"l","on_tap":{"action":"x.y","args":{"k":"v"},"dedupe":"d","when_offline":"drop"},"padding":1,"t":"assist_chip"}
34 {"padding":1,"t":"section_header","title":"t","trailing":{"t":"text","text":"leaf"}}
35 {"action_label":"al","caption":"c","icon":"inbox","on_tap":{"action":"x.y","args":{"k":"v"},"dedupe":"d","when_offline":"drop"},"padding":1,"t":"empty_state","title":"t"}
36 {"day":"2","month":"Jul","month_index":7,"padding":1,"t":"date_stamp","time":"10:00","year":"2026"}
37 {"day":"2","month":"Jul","month_index":7,"t":"date_stamp","year":"2026"}
38 {"id":"f.org","on_save":{"action":"x.y","args":{"k":"v"},"dedupe":"d","when_offline":"drop"},"read_only":true,"syntax":"org","t":"editor","value":"content"}
39 {"header":"h","items":[{"icon":"i","label":"l","on_tap":{"action":"x.y","args":{"k":"v"},"dedupe":"d","when_offline":"drop"},"selected":true}]}
40 {"actions":[{"t":"text","text":"leaf"}],"nav_action":{"action":"x.y","args":{"k":"v"},"dedupe":"d","when_offline":"drop"},"nav_icon":"menu","title":"t"}
41 {"extended":true,"icon":"add","label":"l","on_tap":{"action":"x.y","args":{"k":"v"},"dedupe":"d","when_offline":"drop"}}
42 {"items":[{"icon":"i","label":"l","on_tap":{"action":"x.y","args":{"k":"v"},"dedupe":"d","when_offline":"drop"},"selected":true}]}
43 {"body":{"t":"text","text":"leaf"},"bottom_bar":{"items":[]},"drawer":{"header":"h","items":[]},"fab":{"icon":"add"},"snackbar":"s","t":"scaffold","top_bar":{"title":"t"}}
