00 {"t":"text","text":"hi"}
01 {"color":"#FF0000","max_lines":2,"padding":4,"selectable":true,"style":"title","t":"text","text":"hi","weight":1}
02 {"padding":4,"style":"body","syntax":"elisp","t":"text","text":"code"}
03 {"padding":2,"spans":[{"bold":true,"text":"a"}],"style":"body","t":"rich_text"}
04 {"baseline":"super","bold":true,"code":true,"color":"#FFF","italic":true,"mono":true,"on_tap":{"action":"x.y","args":{"k":"v"},"dedupe":"d","when_offline":"drop"},"strike":true,"tag":true,"text":"s","underline":true}
05 {"children":[{"t":"text","text":"leaf"},{"t":"text","text":"leaf"}],"t":"row"}
06 {"children":[{"t":"text","text":"leaf"}],"t":"flow_row"}
07 {"children":[{"t":"text","text":"leaf"}],"t":"column"}
08 {"alignment":"center","children":[{"t":"text","text":"leaf"}],"on_tap":{"action":"x.y","args":{"k":"v"},"dedupe":"d","when_offline":"drop"},"padding":2,"t":"box","weight":1}
09 {"children":[{"t":"text","text":"leaf"}],"color":"#111","elevation":2,"padding":3,"shape":"rounded","t":"surface"}
10 {"children":[{"t":"text","text":"leaf"}],"color":"surface_container","fill":true,"shape":"rounded_small","t":"surface"}
11 {"children":[{"t":"text","text":"leaf"},{"t":"text","text":"leaf"}],"t":"lazy_column"}
12 {"height":4,"t":"spacer","weight":1,"width":2}
13 {"t":"divider"}
14 {"children":[{"t":"text","text":"leaf"}],"on_tap":{"action":"x.y","args":{"k":"v"},"dedupe":"d","when_offline":"drop"},"padding":8,"swipe_end":{"color":"#4CAF50","icon":"schedule","label":"Later","on_trigger":{"action":"x.y","args":{"k":"v"},"dedupe":"d","when_offline":"drop"}},"swipe_start":{"icon":"check","label":"Done","on_trigger":{"action":"x.y","args":{"k":"v"},"dedupe":"d","when_offline":"drop"}},"t":"card","weight":1}
15 {"children":[{"t":"text","text":"leaf"}],"collapsed":true,"header":{"t":"text","text":"leaf"},"id":"cid","on_long_tap":{"action":"x.y","args":{"k":"v"},"dedupe":"d","when_offline":"drop"},"t":"collapsible"}
16 {"items":[{"label":"h","level":1}],"on_reorder":{"action":"x.y","args":{"k":"v"},"dedupe":"d","when_offline":"drop"},"t":"reorderable_list"}
17 {"action":"y.z","when_offline":"queue"}
18 {"action":"x.y","args":{"k":"v"},"dedupe":"d","when_offline":"drop"}
19 {"builtin":"clipboard.copy","text":"copied text"}
20 {"icon":"add","label":"L","on_tap":{"action":"x.y","args":{"k":"v"},"dedupe":"d","when_offline":"drop"},"padding":2,"t":"button","variant":"text","weight":1}
21 {"label":"L","on_pick":{"action":"x.y","args":{"k":"v"},"dedupe":"d","when_offline":"drop"},"t":"date_button","value":"2026-01-01"}
22 {"label":"L","on_pick":{"action":"x.y","args":{"k":"v"},"dedupe":"d","when_offline":"drop"},"t":"time_button","value":"10:00"}
23 {"content_description":"d","padding":1,"t":"image","url":"http://x"}
24 {"badge":3,"content_description":"c","icon":"add","on_tap":{"action":"x.y","args":{"k":"v"},"dedupe":"d","when_offline":"drop"},"padding":1,"t":"icon_button"}
25 {"icon":"more_vert","items":[{"icon":"add","label":"L","on_tap":{"action":"x.y","args":{"k":"v"},"dedupe":"d","when_offline":"drop"}}],"padding":2,"t":"menu"}
26 {"hint":"h","id":"tid","keyboard":"number","label":"l","max_lines":3,"min_lines":1,"monospace":true,"on_submit":{"action":"x.y","args":{"k":"v"},"dedupe":"d","when_offline":"drop"},"padding":2,"single_line":true,"syntax":"org","t":"text_input","value":"v"}
27 {"id":"tid2","single_line":false,"t":"text_input"}
28 {"allow_add":true,"id":"eid","multi_select":true,"on_change":{"action":"x.y","args":{"k":"v"},"dedupe":"d","when_offline":"drop"},"options":["a","b"],"padding":1,"t":"enum_list","value":["a"]}
29 {"checked":true,"id":"kid","label":"l","on_change":{"action":"x.y","args":{"k":"v"},"dedupe":"d","when_offline":"drop"},"padding":1,"t":"checkbox"}
30 {"checked":true,"id":"sid","label":"l","on_change":{"action":"x.y","args":{"k":"v"},"dedupe":"d","when_offline":"drop"},"padding":1,"t":"switch"}
31 {"badge":"","color":"#FFF","name":"add","padding":1,"size":20,"t":"icon"}
32 {"icon":"add","label":"l","on_tap":{"action":"x.y","args":{"k":"v"},"dedupe":"d","when_offline":"drop"},"padding":1,"selected":true,"t":"chip"}
33 {"padding":1,"t":"progress","value":0.5,"variant":"linear"}
34 {"icon":"add","label":"l","on_tap":{"action":"x.y","args":{"k":"v"},"dedupe":"d","when_offline":"drop"},"padding":1,"t":"assist_chip"}
35 {"padding":1,"t":"section_header","title":"t","trailing":{"t":"text","text":"leaf"}}
36 {"action_label":"al","caption":"c","icon":"inbox","on_tap":{"action":"x.y","args":{"k":"v"},"dedupe":"d","when_offline":"drop"},"padding":1,"t":"empty_state","title":"t"}
37 {"day":"2","month":"Jul","month_index":7,"padding":1,"t":"date_stamp","time":"10:00","year":"2026"}
38 {"day":"2","month":"Jul","month_index":7,"t":"date_stamp","year":"2026"}
39 {"chromeless":true,"complete":true,"id":"f.org","line_numbers":"absolute","on_save":{"action":"x.y","args":{"k":"v"},"dedupe":"d","when_offline":"drop"},"publish_state":true,"read_only":true,"syntax":"org","t":"editor","value":"content"}
40 {"header":"h","items":[{"badge":100,"icon":"i","label":"l","on_tap":{"action":"x.y","args":{"k":"v"},"dedupe":"d","when_offline":"drop"},"selected":true}]}
41 {"actions":[{"t":"text","text":"leaf"}],"nav_action":{"action":"x.y","args":{"k":"v"},"dedupe":"d","when_offline":"drop"},"nav_icon":"menu","title":"t"}
42 {"extended":true,"icon":"add","label":"l","on_tap":{"action":"x.y","args":{"k":"v"},"dedupe":"d","when_offline":"drop"}}
43 {"items":[{"badge":2,"icon":"i","label":"l","on_tap":{"action":"x.y","args":{"k":"v"},"dedupe":"d","when_offline":"drop"},"selected":true}]}
44 {"body":{"t":"text","text":"leaf"},"bottom_bar":{"items":[]},"drawer":{"header":"h","items":[]},"fab":{"icon":"add"},"on_refresh":{"action":"x.y","args":{"k":"v"},"dedupe":"d","when_offline":"drop"},"snackbar":"s","snackbar_action":{"label":"Undo","on_tap":{"action":"x.y","args":{"k":"v"},"dedupe":"d","when_offline":"drop"}},"t":"scaffold","top_bar":{"title":"t"}}
45 {"aligns":["start","end"],"on_add_col":{"action":"x.y","args":{"k":"v"},"dedupe":"d","when_offline":"drop"},"on_add_row":{"action":"x.y","args":{"k":"v"},"dedupe":"d","when_offline":"drop"},"padding":2,"rows":[{"cells":[{"spans":[{"bold":true,"text":"Item"}]},{"spans":[{"text":"Qty"}]}],"header":true},{"rule":true},{"cells":[{"on_long_tap":{"action":"x.y","args":{"k":"v"},"dedupe":"d","when_offline":"drop"},"on_tap":{"action":"x.y","args":{"k":"v"},"dedupe":"d","when_offline":"drop"},"spans":[{"text":"apples"}]},{"spans":[{"text":"4"}]}]}],"t":"table"}
46 {"rows":[{"cells":[{"spans":[{"text":"a"}]}]}],"t":"table"}
47 {"children":[{"t":"text","text":"leaf"},{"t":"text","text":"leaf"}],"scroll":true,"t":"row"}
48 {"id":"vol","max":1.0,"min":0.0,"on_change":{"action":"x.y","args":{"k":"v"},"dedupe":"d","when_offline":"drop"},"steps":10,"t":"slider","value":0.3}
49 {"align":"top","children":[{"t":"text","text":"leaf"},{"t":"text","text":"leaf"}],"spacing":4,"t":"row"}
50 {"align":"center","children":[{"t":"text","text":"leaf"},{"t":"text","text":"leaf"}],"spacing":6,"t":"column"}
51 {"border":{"color":"#888","width":2},"children":[{"t":"text","text":"leaf"}],"fill_fraction":0.5,"height":40,"t":"surface","width":120}
52 {"aspect_ratio":1.5,"content_scale":"crop","height":80,"t":"image","url":"http://x","width":100}
53 {"height":160,"kind":"line","on_point_tap":{"action":"x.y","args":{"k":"v"},"dedupe":"d","when_offline":"drop"},"series":[{"color":"#4C6FFF","label":"a","points":[{"y":1},{"y":3},{"y":2},{"y":5}]},{"points":[{"y":2},{"y":2},{"y":4},{"y":3}]}],"summary":"trend","t":"chart","y_range":[0,6]}
54 {"height":60,"ops":[{"color":"#888","op":"line","stroke":2,"x1":0,"x2":100,"y1":0,"y2":60},{"color":"primary","fill":true,"h":20,"op":"rect","radius":4,"w":30,"x":10,"y":10},{"color":"#E64980","cx":70,"cy":30,"op":"circle","r":15},{"closed":true,"fill":true,"op":"path","points":[[0,60],[50,0],[100,60]]},{"align":"center","op":"text","size":10,"text":"hi","x":50,"y":30}],"t":"canvas","width":100}
55 {"icon":"code","label":"Src","long_press":{"line":"promote"},"placement":"block","snippet":"#+begin_src ${input:Language}\n${cursor}\n#+end_src"}
56 {"children":[{"t":"text","text":"leaf"},{"t":"text","text":"leaf"}],"id":"tid","initial":1,"items":[{"icon":"event","label":"Day"},{"label":"Week"}],"on_change":{"action":"x.y","args":{"k":"v"},"dedupe":"d","when_offline":"drop"},"scrollable":true,"t":"tabs"}
57 {"marks":{"2026-07-10":{"dots":3},"2026-07-14":{"color":"#E64980","dots":1}},"max_month":"2026-12","min_month":"2026-01","month":"2026-07","on_day_tap":{"action":"x.y","args":{"k":"v"},"dedupe":"d","when_offline":"drop"},"on_month_change":{"action":"x.y","args":{"k":"v"},"dedupe":"d","when_offline":"drop"},"selected":"2026-07-10","t":"month_grid"}
58 {"children":[{"t":"text","text":"leaf"},{"t":"text","text":"leaf"}],"t":"row","weight":1}
59 {"children":[{"t":"text","text":"leaf"}],"t":"column","weight":1}
60 {"children":[{"align":"center","children":[{"name":"star","t":"icon"},{"children":[{"style":"label","t":"text","text":"OVER"},{"style":"body","t":"text","text":"Title"},{"style":"caption","t":"text","text":"Sub"}],"spacing":2,"t":"column","weight":1},{"icon":"delete","on_tap":{"action":"x.y","args":{"k":"v"},"dedupe":"d","when_offline":"drop"},"t":"icon_button"}],"spacing":12,"t":"row"}],"on_tap":{"action":"x.y","args":{"k":"v"},"dedupe":"d","when_offline":"drop"},"padding":4,"swipe_end":{"icon":"check","label":"Done","on_trigger":{"action":"x.y","args":{"k":"v"},"dedupe":"d","when_offline":"drop"}},"t":"card"}
61 {"children":[{"t":"text","text":"leaf"}],"fill":false,"t":"column"}
62 {"children":[{"color":"error","style":"label","t":"text","text":"Overdue"}],"color":"error","icon":"warning","label":"Overdue","padding":1,"t":"badge"}
63 {"align":"center","children":[{"content_description":"Decrease servings","icon":"remove","on_tap":{"action":"x.y","args":{"k":"v","value":3},"dedupe":"d","when_offline":"drop"},"t":"icon_button"},{"style":"title","t":"text","text":"4 servings"},{"content_description":"Increase servings","icon":"add","on_tap":{"action":"x.y","args":{"k":"v","value":5},"dedupe":"d","when_offline":"drop"},"t":"icon_button"}],"fill":false,"spacing":8,"t":"row"}
64 {"children":[{"label":"All","on_tap":{"action":"x.y","args":{"k":"v","value":"All"},"dedupe":"d","when_offline":"drop"},"t":"chip"},{"icon":"schedule","label":"Due soon","on_tap":{"action":"x.y","args":{"k":"v","value":"due"},"dedupe":"d","when_offline":"drop"},"selected":true,"t":"chip"}],"run_spacing":8,"spacing":8,"t":"flow_row"}
65 {"children":[{"align":"center","children":[{"color":"primary","name":"inventory","t":"icon"},{"color":"primary","style":"headline","t":"text","text":"42"},{"style":"caption","t":"text","text":"Items"}],"spacing":2,"t":"column"}],"fill_fraction":0.3,"on_tap":{"action":"x.y","args":{"k":"v"},"dedupe":"d","when_offline":"drop"},"padding":16,"t":"card","weight":1}
66 {"align":"top","children":[{"style":"label","t":"text","text":"Location"},{"style":"body","t":"text","text":"Fridge","weight":1}],"spacing":8,"t":"row"}
67 {"children":[{"t":"section_header","title":"Due"},{"t":"text","text":"leaf"},{"t":"section_header","title":"OK"},{"t":"empty_state","title":"none"}],"t":"lazy_column"}
68 {"padding":4,"style":"headline","t":"text","text":"H"}
69 {"color":"on_surface_variant","style":"caption","t":"text","text":"m"}
70 {"color":"error","t":"text","text":"e"}
71 {"color":"warning","t":"text","text":"w"}
72 {"color":"success","t":"text","text":"s"}
73 {"spans":[{"bold":true,"text":"b"}],"t":"rich_text"}
74 {"spans":[{"code":true,"text":"c"}],"t":"rich_text"}
